// Jest Snapshot v1, https://goo.gl/fbAQLP

exports[`renders correctly 1`] = `
<div>
  <div>
    10
  </div>
   
  <button>
    增加
  </button>
</div>
`;
